
> gacha-idea-generator@0.1.0 test
> vitest run --run ; echo EXITCODE:$LASTEXITCODE


[1m[46m RUN [49m[22m [36mv3.2.7 [39m[90mC:/Users/admin/Documents/projects/kiro[39m

[31mNo test files found, exiting with code 1
[39m
[2mfilter: [22m[33m;[2m, [22mecho[2m, [22mEXITCODE:$LASTEXITCODE[39m
[2minclude: [22m[33m**/*.test.ts[2m, [22m**/*.test.tsx[39m
[2mexclude:  [22m[33mnode_modules[2m, [22m.next[2m, [22msupabase/**[39m

